---
source: tui/src/verbosity_prompt.rs
expression: terminal.backend().vt100().screen().contents()
---


  Setup 2/2                                          • I'll first align the rendering pipeline.

  Select Verbosity                                   • Changed 2 files (+3 -1)
  Choose how much detail to show                       └ Edited protocol/src/models.rs (+2 -1)
                                                         Edited protocol/src/protocol.rs (+1 -0)
› 1. Minimal (default)  Show results only
  2. Simple             Show key progress updates    • Final answer text stays fully visible.









  Press enter to confirm or esc to skip                                                             
  You can change this later via /verbosity.
