---
source: tui/src/diff_render.rs
expression: terminal.backend()
---
"• Changed 2 files (+2 -1)                                                       "
"  └ Edited a.txt (+1 -1)                                                        "
"    Added b.txt (+1 -0)                                                         "
"                                                                                "
"                                                                                "
"                                                                                "
"                                                                                "
"                                                                                "
